2026-04-13 07:42:08 - __main__ - ERROR - [wsgi.py:127] - Errore durante l'esecuzione del server: [WinError 10049] Indirizzo richiesto non valido nel proprio contesto
Traceback (most recent call last):
  File "C:\DB-Desk\wsgi.py", line 114, in main
    serve(
    ~~~~~^
        app,
        ^^^^
    ...<5 lines>...
        url_scheme='http'
        ^^^^^^^^^^^^^^^^^
    )
    ^
  File "C:\Users\ammin\AppData\Local\Programs\Python\Python313\Lib\site-packages\waitress\__init__.py", line 13, in serve
    server = _server(app, **kw)
  File "C:\Users\ammin\AppData\Local\Programs\Python\Python313\Lib\site-packages\waitress\server.py", line 78, in create_server
    last_serv = TcpWSGIServer(
        application,
    ...<5 lines>...
        sockinfo=sockinfo,
    )
  File "C:\Users\ammin\AppData\Local\Programs\Python\Python313\Lib\site-packages\waitress\server.py", line 243, in __init__
    self.bind_server_socket()
    ~~~~~~~~~~~~~~~~~~~~~~~^^
  File "C:\Users\ammin\AppData\Local\Programs\Python\Python313\Lib\site-packages\waitress\server.py", line 364, in bind_server_socket
    self.bind(sockaddr)
    ~~~~~~~~~^^^^^^^^^^
  File "C:\Users\ammin\AppData\Local\Programs\Python\Python313\Lib\site-packages\waitress\wasyncore.py", line 395, in bind
    return self.socket.bind(addr)
           ~~~~~~~~~~~~~~~~^^^^^^
OSError: [WinError 10049] Indirizzo richiesto non valido nel proprio contesto
