2026-04-13 07:42:08 - apscheduler.scheduler - INFO - [base.py:454] - Adding job tentatively -- it will be properly scheduled when the scheduler starts
2026-04-13 07:42:08 - apscheduler.scheduler - INFO - [base.py:895] - Added job "Import Email Automatico" to job store "default"
2026-04-13 07:42:08 - apscheduler.scheduler - INFO - [base.py:181] - Scheduler started
2026-04-13 07:42:08 - app.services.scheduler - INFO - [scheduler.py:47] - Email import scheduler avviato - polling ogni 10 secondi
2026-04-13 07:42:08 - __main__ - INFO - [wsgi.py:99] - ======================================================================
2026-04-13 07:42:08 - __main__ - INFO - [wsgi.py:100] - DB-Desk - Avvio Server di Produzione (Waitress)
2026-04-13 07:42:08 - __main__ - INFO - [wsgi.py:101] - ======================================================================
2026-04-13 07:42:08 - __main__ - INFO - [wsgi.py:102] - Ambiente: production
2026-04-13 07:42:08 - __main__ - INFO - [wsgi.py:103] - Host: 192.168.191.74
2026-04-13 07:42:08 - __main__ - INFO - [wsgi.py:104] - Porta: 5000
2026-04-13 07:42:08 - __main__ - INFO - [wsgi.py:105] - URL: http://192.168.191.74:5000
2026-04-13 07:42:08 - __main__ - INFO - [wsgi.py:106] - Threads: 4
2026-04-13 07:42:08 - __main__ - INFO - [wsgi.py:107] - Channel Timeout: 120s
2026-04-13 07:42:08 - __main__ - INFO - [wsgi.py:108] - Connection Limit: 100
2026-04-13 07:42:08 - __main__ - INFO - [wsgi.py:109] - Debug Mode: False
2026-04-13 07:42:08 - __main__ - INFO - [wsgi.py:110] - Log Directory: C:\DB-Desk\logs
2026-04-13 07:42:08 - __main__ - INFO - [wsgi.py:111] - ======================================================================
2026-04-13 07:42:08 - __main__ - ERROR - [wsgi.py:127] - Errore durante l'esecuzione del server: [WinError 10049] Indirizzo richiesto non valido nel proprio contesto
Traceback (most recent call last):
  File "C:\DB-Desk\wsgi.py", line 114, in main
    serve(
    ~~~~~^
        app,
        ^^^^
    ...<5 lines>...
        url_scheme='http'
        ^^^^^^^^^^^^^^^^^
    )
    ^
  File "C:\Users\ammin\AppData\Local\Programs\Python\Python313\Lib\site-packages\waitress\__init__.py", line 13, in serve
    server = _server(app, **kw)
  File "C:\Users\ammin\AppData\Local\Programs\Python\Python313\Lib\site-packages\waitress\server.py", line 78, in create_server
    last_serv = TcpWSGIServer(
        application,
    ...<5 lines>...
        sockinfo=sockinfo,
    )
  File "C:\Users\ammin\AppData\Local\Programs\Python\Python313\Lib\site-packages\waitress\server.py", line 243, in __init__
    self.bind_server_socket()
    ~~~~~~~~~~~~~~~~~~~~~~~^^
  File "C:\Users\ammin\AppData\Local\Programs\Python\Python313\Lib\site-packages\waitress\server.py", line 364, in bind_server_socket
    self.bind(sockaddr)
    ~~~~~~~~~^^^^^^^^^^
  File "C:\Users\ammin\AppData\Local\Programs\Python\Python313\Lib\site-packages\waitress\wasyncore.py", line 395, in bind
    return self.socket.bind(addr)
           ~~~~~~~~~~~~~~~~^^^^^^
OSError: [WinError 10049] Indirizzo richiesto non valido nel proprio contesto
